teste/evento/petrobras/infrastructure/repository/EventoRepository.class
teste/evento/petrobras/presentation/dto/evento/EventoPutDTO.class
teste/evento/petrobras/presentation/dto/evento/EventoResponseDTO$EventoResponseDTOBuilder.class
teste/evento/petrobras/controller/EventoController.class
teste/evento/petrobras/presentation/dto/evento/EventoFiltroDTO.class
teste/evento/petrobras/domain/entity/Evento.class
teste/evento/petrobras/presentation/dto/evento/EventoPostDTO$EventoPostDTOBuilder.class
teste/evento/petrobras/domain/security/XssValidator.class
teste/evento/petrobras/infrastructure/mapper/EventoMapper.class
teste/evento/petrobras/domain/converter/evento/EventoConverter.class
teste/evento/petrobras/presentation/dto/evento/EventoPutDTO$EventoPutDTOBuilder.class
teste/evento/petrobras/infrastructure/config/CorsConfig$1.class
teste/evento/petrobras/presentation/dto/evento/PaginaResponseDTO$PaginaResponseDTOBuilder.class
teste/evento/petrobras/presentation/dto/evento/EventoGetDTO$EventoGetDTOBuilder.class
teste/evento/petrobras/presentation/dto/evento/PaginaResponseDTO.class
teste/evento/petrobras/infrastructure/config/CorsConfig.class
teste/evento/petrobras/domain/service/EventoService.class
teste/evento/petrobras/infrastructure/listener/execption/GlobalExceptionHandler.class
teste/evento/petrobras/presentation/dto/evento/EventoResponseDTO.class
teste/evento/petrobras/presentation/dto/evento/EventoGetDTO.class
teste/evento/petrobras/presentation/dto/evento/EventoPostDTO.class
teste/evento/petrobras/PetrobrasApplication.class
teste/evento/petrobras/infrastructure/mapper/EventoMapperImpl.class
teste/evento/petrobras/domain/build/evento/EventoBuilder.class
