/home/petrobras/src/main/java/teste/evento/petrobras/PetrobrasApplication.java
/home/petrobras/src/main/java/teste/evento/petrobras/infrastructure/listener/execption/GlobalExceptionHandler.java
/home/petrobras/src/main/java/teste/evento/petrobras/infrastructure/mapper/EventoMapper.java
/home/petrobras/src/main/java/teste/evento/petrobras/domain/entity/Evento.java
/home/petrobras/src/main/java/teste/evento/petrobras/controller/EventoController.java
/home/petrobras/src/main/java/teste/evento/petrobras/presentation/dto/evento/EventoPutDTO.java
/home/petrobras/src/main/java/teste/evento/petrobras/infrastructure/config/CorsConfig.java
/home/petrobras/src/main/java/teste/evento/petrobras/domain/security/XssValidator.java
/home/petrobras/src/main/java/teste/evento/petrobras/domain/converter/evento/EventoConverter.java
/home/petrobras/src/main/java/teste/evento/petrobras/presentation/dto/evento/EventoResponseDTO.java
/home/petrobras/src/main/java/teste/evento/petrobras/infrastructure/repository/EventoRepository.java
/home/petrobras/src/main/java/teste/evento/petrobras/presentation/dto/evento/EventoGetDTO.java
/home/petrobras/src/main/java/teste/evento/petrobras/domain/service/EventoService.java
/home/petrobras/src/main/java/teste/evento/petrobras/presentation/dto/evento/EventoFiltroDTO.java
/home/petrobras/src/main/java/teste/evento/petrobras/presentation/dto/evento/PaginaResponseDTO.java
/home/petrobras/src/main/java/teste/evento/petrobras/domain/build/evento/EventoBuilder.java
/home/petrobras/src/main/java/teste/evento/petrobras/presentation/dto/evento/EventoPostDTO.java
